

================================================================
== Vivado HLS Report for 'dense_latency_ap_fixed_ap_fixed_config11_0_0_0'
================================================================
* Date:           Mon Feb 20 21:56:52 2023

* Version:        2020.1 (Build 2897737 on Wed May 27 20:21:37 MDT 2020)
* Project:        emtfptnn_prj
* Solution:       solution1
* Product family: virtex7
* Target device:  xc7vx690t-ffg1927-2


================================================================
== Performance Estimates
================================================================
+ Timing: 
    * Summary: 
    +--------+---------+----------+------------+
    |  Clock |  Target | Estimated| Uncertainty|
    +--------+---------+----------+------------+
    |ap_clk  | 7.69 ns | 6.207 ns |   0.96 ns  |
    +--------+---------+----------+------------+

+ Latency: 
    * Summary: 
    +---------+---------+----------+----------+-----+-----+----------+
    |  Latency (cycles) |  Latency (absolute) |  Interval | Pipeline |
    |   min   |   max   |    min   |    max   | min | max |   Type   |
    +---------+---------+----------+----------+-----+-----+----------+
    |        1|        1| 7.692 ns | 7.692 ns |    1|    1| function |
    +---------+---------+----------+----------+-----+-----+----------+

    + Detail: 
        * Instance: 
        N/A

        * Loop: 
        N/A



================================================================
== Utilization Estimates
================================================================
* Summary: 
+-----------------+---------+-------+--------+--------+-----+
|       Name      | BRAM_18K| DSP48E|   FF   |   LUT  | URAM|
+-----------------+---------+-------+--------+--------+-----+
|DSP              |        -|      -|       -|       -|    -|
|Expression       |        -|     27|       0|     956|    -|
|FIFO             |        -|      -|       -|       -|    -|
|Instance         |        -|      -|       -|       -|    -|
|Memory           |        -|      -|       -|       -|    -|
|Multiplexer      |        -|      -|       -|      18|    -|
|Register         |        -|      -|     217|       -|    -|
+-----------------+---------+-------+--------+--------+-----+
|Total            |        0|     27|     217|     974|    0|
+-----------------+---------+-------+--------+--------+-----+
|Available        |     2940|   3600|  866400|  433200|    0|
+-----------------+---------+-------+--------+--------+-----+
|Utilization (%)  |        0|   ~0  |   ~0   |   ~0   |    0|
+-----------------+---------+-------+--------+--------+-----+

+ Detail: 
    * Instance: 
    N/A

    * DSP48E: 
    N/A

    * Memory: 
    N/A

    * FIFO: 
    N/A

    * Expression: 
    +-------------------------+----------+-------+---+----+------------+------------+
    |      Variable Name      | Operation| DSP48E| FF| LUT| Bitwidth P0| Bitwidth P1|
    +-------------------------+----------+-------+---+----+------------+------------+
    |mul_ln1118_10_fu_208_p2  |     *    |      2|  0|  40|          24|          20|
    |mul_ln1118_11_fu_205_p2  |     *    |      2|  0|  40|          24|          22|
    |mul_ln1118_12_fu_209_p2  |     *    |      2|  0|  40|          24|          20|
    |mul_ln1118_13_fu_211_p2  |     *    |      2|  0|  40|          24|          22|
    |mul_ln1118_14_fu_212_p2  |     *    |      2|  0|  40|          24|          20|
    |mul_ln1118_15_fu_198_p2  |     *    |      2|  0|  40|          24|          22|
    |mul_ln1118_1_fu_203_p2   |     *    |      1|  0|  40|          24|          18|
    |mul_ln1118_2_fu_213_p2   |     *    |      2|  0|  40|          24|          20|
    |mul_ln1118_3_fu_206_p2   |     *    |      2|  0|  40|          24|          20|
    |mul_ln1118_4_fu_201_p2   |     *    |      2|  0|  40|          24|          21|
    |mul_ln1118_5_fu_202_p2   |     *    |      1|  0|  40|          24|          17|
    |mul_ln1118_6_fu_204_p2   |     *    |      1|  0|  40|          24|          18|
    |mul_ln1118_7_fu_210_p2   |     *    |      1|  0|  40|          24|          19|
    |mul_ln1118_8_fu_207_p2   |     *    |      2|  0|  40|          24|          22|
    |mul_ln1118_9_fu_200_p2   |     *    |      2|  0|  40|          24|          20|
    |mul_ln1118_fu_199_p2     |     *    |      1|  0|  40|          24|          17|
    |add_ln731_10_fu_1670_p2  |     +    |      0|  0|  18|          18|          18|
    |add_ln731_11_fu_1621_p2  |     +    |      0|  0|  25|          18|          18|
    |add_ln731_12_fu_1627_p2  |     +    |      0|  0|  18|          18|          13|
    |add_ln731_13_fu_1633_p2  |     +    |      0|  0|  18|          18|          18|
    |add_ln731_14_fu_1675_p2  |     +    |      0|  0|  18|          18|          18|
    |add_ln731_15_fu_1679_p2  |     +    |      0|  0|  18|          18|          18|
    |add_ln731_1_fu_1591_p2   |     +    |      0|  0|  25|          18|          18|
    |add_ln731_2_fu_1639_p2   |     +    |      0|  0|  18|          18|          18|
    |add_ln731_3_fu_1643_p2   |     +    |      0|  0|  18|          18|          18|
    |add_ln731_4_fu_1597_p2   |     +    |      0|  0|  25|          18|          18|
    |add_ln731_5_fu_1603_p2   |     +    |      0|  0|  18|          18|          13|
    |add_ln731_6_fu_1609_p2   |     +    |      0|  0|  18|          18|          18|
    |add_ln731_7_fu_1648_p2   |     +    |      0|  0|  18|          18|          18|
    |add_ln731_8_fu_1615_p2   |     +    |      0|  0|  25|          18|          18|
    |add_ln731_9_fu_1666_p2   |     +    |      0|  0|  18|          18|          18|
    |add_ln731_fu_1652_p2     |     +    |      0|  0|  18|          18|          18|
    +-------------------------+----------+-------+---+----+------------+------------+
    |Total                    |          |     27|  0| 956|         672|         596|
    +-------------------------+----------+-------+---+----+------------+------------+

    * Multiplexer: 
    +-------------+----+-----------+-----+-----------+
    |     Name    | LUT| Input Size| Bits| Total Bits|
    +-------------+----+-----------+-----+-----------+
    |ap_return_0  |   9|          2|   18|         36|
    |ap_return_1  |   9|          2|   18|         36|
    +-------------+----+-----------+-----+-----------+
    |Total        |  18|          4|   36|         72|
    +-------------+----+-----------+-----+-----------+

    * Register: 
    +-------------------------+----+----+-----+-----------+
    |           Name          | FF | LUT| Bits| Const Bits|
    +-------------------------+----+----+-----+-----------+
    |add_ln731_11_reg_1745    |  18|   0|   18|          0|
    |add_ln731_13_reg_1750    |  18|   0|   18|          0|
    |add_ln731_1_reg_1725     |  18|   0|   18|          0|
    |add_ln731_4_reg_1730     |  18|   0|   18|          0|
    |add_ln731_6_reg_1735     |  18|   0|   18|          0|
    |add_ln731_8_reg_1740     |  18|   0|   18|          0|
    |ap_ce_reg                |   1|   0|    1|          0|
    |ap_return_0_int_reg      |  18|   0|   24|          6|
    |ap_return_1_int_reg      |  18|   0|   24|          6|
    |trunc_ln703_10_reg_1720  |  18|   0|   18|          0|
    |trunc_ln703_1_reg_1705   |  18|   0|   18|          0|
    |trunc_ln703_2_reg_1710   |  18|   0|   18|          0|
    |trunc_ln703_9_reg_1715   |  18|   0|   18|          0|
    +-------------------------+----+----+-----+-----------+
    |Total                    | 217|   0|  229|         12|
    +-------------------------+----+----+-----+-----------+



================================================================
== Interface
================================================================
* Summary: 
+----------------+-----+-----+------------+-------------------------------------------------+--------------+
|    RTL Ports   | Dir | Bits|  Protocol  |                  Source Object                  |    C Type    |
+----------------+-----+-----+------------+-------------------------------------------------+--------------+
|ap_clk          |  in |    1| ap_ctrl_hs | dense_latency<ap_fixed,ap_fixed,config11>.0.0.0 | return value |
|ap_rst          |  in |    1| ap_ctrl_hs | dense_latency<ap_fixed,ap_fixed,config11>.0.0.0 | return value |
|ap_return_0     | out |   24| ap_ctrl_hs | dense_latency<ap_fixed,ap_fixed,config11>.0.0.0 | return value |
|ap_return_1     | out |   24| ap_ctrl_hs | dense_latency<ap_fixed,ap_fixed,config11>.0.0.0 | return value |
|ap_ce           |  in |    1| ap_ctrl_hs | dense_latency<ap_fixed,ap_fixed,config11>.0.0.0 | return value |
|data_0_V_read   |  in |   24|   ap_none  |                  data_0_V_read                  |    scalar    |
|data_1_V_read   |  in |   24|   ap_none  |                  data_1_V_read                  |    scalar    |
|data_2_V_read   |  in |   24|   ap_none  |                  data_2_V_read                  |    scalar    |
|data_3_V_read   |  in |   24|   ap_none  |                  data_3_V_read                  |    scalar    |
|data_4_V_read   |  in |   24|   ap_none  |                  data_4_V_read                  |    scalar    |
|data_5_V_read   |  in |   24|   ap_none  |                  data_5_V_read                  |    scalar    |
|data_6_V_read   |  in |   24|   ap_none  |                  data_6_V_read                  |    scalar    |
|data_7_V_read   |  in |   24|   ap_none  |                  data_7_V_read                  |    scalar    |
|data_8_V_read   |  in |   24|   ap_none  |                  data_8_V_read                  |    scalar    |
|data_9_V_read   |  in |   24|   ap_none  |                  data_9_V_read                  |    scalar    |
|data_10_V_read  |  in |   24|   ap_none  |                  data_10_V_read                 |    scalar    |
|data_11_V_read  |  in |   24|   ap_none  |                  data_11_V_read                 |    scalar    |
|data_12_V_read  |  in |   24|   ap_none  |                  data_12_V_read                 |    scalar    |
|data_13_V_read  |  in |   24|   ap_none  |                  data_13_V_read                 |    scalar    |
|data_14_V_read  |  in |   24|   ap_none  |                  data_14_V_read                 |    scalar    |
|data_15_V_read  |  in |   24|   ap_none  |                  data_15_V_read                 |    scalar    |
+----------------+-----+-----+------------+-------------------------------------------------+--------------+

